1. Amme
1. Botschafter
1. Deputierter
1. Galerieadjunkt
1. Hofkanzler
1. Leiblakai
1. Rossarzt
1. Zuckerbäcker
2. Abgesandter, ksl.
2. Botschafter, ksl.
2. Galerieadjunkt
2. Hartschier
2. Hofkanzler
2. Kapellmeister
2. Obersthofmarschall
2. Obersthofmeister
2. Obersthofmeister, anges.
2. Obertapezierer
2. Orgelmacher
2. Rossarzt
2. Tapezierer Gehilfe
3. Abgesandter, ksl.
3. Botschafter, ksl.
Abgesandter Adjunkt, ksl.
Abgesandter, ao. ksl.
Abgesandter, ksl.
Abgesandter/Resident, ksl.
Abgesandter, salzbg.
Ablegat
Abwäscherin
Abwaschjunge
Adel. Arcieren 2. Capitainelieutenant
Adel. Arcieren 2. Premierlieutenant
Adel. Arcieren Adjutant
Adel. Arcieren Auditor
Adel. Arcieren Capitainelieutenant
Adel. Arcieren Chirurg
Adel. Arcieren Fourier
Adel. Arcieren Hauptmann
Adel. Arcieren Hausinspektor
Adel. Arcieren Kaplan
Adel. Arcieren Kassenverwalter
Adel. Arcieren Oberlieutenant
Adel. Arcieren Premierlieutenant
Adel. Arcieren Premierwachtmeister
Adel. Arcieren Profos
Adel. Arcieren Rechnungsführer
Adel. Arcieren Secondwachtmeister
Adel. Arcieren Unterlieutenant
Aderlasser
Adjunkt
Adjutant
Administrator
Admiral
Advokat
Advokat, fiskal.
Agent
Akademiedirektor
Akademieunterdirektor
Akzessist
Almosenier
Altist
Altist, sn.
Amme
Amme, wirkl.
Amtsoffizier
Amtstrabant
Amtstrabant Adjunkt
Amtstrabant, sn.
Anstandsdame (im Privatgemach) 
Anstandsdame, Oberste
Anstreicher
Anstreicherin
Antecameratürhüter
Antiquitäteninspektor
Appellationspräsident
Appellationsrat
Architekt
Architekt Adjunkt
Architekt (Musik)
Archivar
Archivsekretär
Arcieren Adjutant
Arcieren Auditor
Arcieren Barbier
Arcieren Fourier
Arcieren Hauptmann
Arcieren Lieutenant
Arcieren Oberfourier
Arcieren Oberlieutenant
Arcieren Unterfourier
Arcieren Unterlieutenant
Arcieren Vizeadjutant
Armenhausverwalter
Artillerieoberst
Assessor
Assessor, sn.
Astrologe
Astronom
Audienztürhüter
Auffenknecht
Auskehrer
Auskehrerin
Ausschußmitglied
Ausspeiser
Ausspeiskellermeister
Avitical-, Familien und großherz. Kassenkassier
Avitical-, Familien und großherz. Kassenzahlmeister
Aya
Ayo
Azafata
Azafata Dienerin
Bachereykoch
Bäcker
Bäckereigehilfe
Bäckereikoch
Bäckereimeisterkoch
Bäckereiunterkoch
Bäckerin
Balletgeiger
Ballmeister
Ballspieler
Bankalitätskassier
Bankalitätskontrollor
Bankalitätszahlmeister
Bassist
Bassist Scholar
Bassist Substitut
Bauaufseher, kontroll. (in Laxenburg)
Beamter
Bedienstete, abged.
Bediensteter
Beichtvater
Beichtvater Diener
Beichtvater Schreiber
Beichtvater Socius
Beichtvater, span. 
Beinstecher
Bereiter
Bereiter Scholar
Bergstädt. Expeditionssekretär
Beschließerin
Bibliothekar
Bibliotheksadjunkt
Bibliotheksaufseher
Bibliotheksbuchbinder
Bibliotheksdiener
Bibliotheksdirektor
Bibliotheksingenieur
Bibliothekskustos
Bibliothekskustos, sn.
Bibliothekspräfekt
Bibliotheksschreiber
Bibliotheksschreiber, sn.
Bildhauer
Bildhauer, hofbefr.
Binder
Bindermeister
Böhm. Gubernator
Böhm. Hofkanzler
Böhm. Kammerpräsident
Böhm. Landrechtsbeisitzer
Böhm. Oberstkanzler
Böhm. Oberstlandkämmerer
Böhm. Statthalter
Botenmeister
Botschafter, ao. ksl.
Botschafter, ksl.
Botschafter, ksl. (an der ottomanischen Grenze)
Branntweiner
Bratkoch
Bratmeister
Bräumeister
Bruchschneider
Bruckmaterialienverwalter
Bruckmeister
Bruckpolier
Brunnenmeister
Brunnenpolier
Brunnenschöpfer
Buchbinder
Buchdrucker
Buchdruckerin
Buchhalter
Buchhalter Akzessist
Buchhalter/Direktor
Buchhaltereiadjunkt
Buchhaltereiheizer
Buchhaltereioffizier
Buchhaltereiverwandter
Buchhalter/Raitrat
Buchhändler
Büchsenmeister, ksl. (auf der Festung Kanischa)
Büchsenspanner
Büchsenspanner Adjunkt
Büchsenspanner Gehilfe
Büchsenspanner Junge
Bürgermeister
Burggraf
Burginspektor
Burgpfarrer
Burgpfleger (in Innsbruck)
Burgtorsteher
Burgzimmerwarter
Calcant
Capitainelieutenant
Chemiker
Concomitial-Abgesandter, österr.
Copera
Cornettist
Crepinmacher
Crepinmacherin
Cymbalist
Czismamacher
Deckenmacher
Dekan
Deputierter
Destillator
Destillator Gehilfe
Diener
Dienerin
Direktor
Direktor (der Antiken Münzen)
Direktor (der Modernen Münzen)
Direktor (des Collegium Rationum)
Direktor (des Fürstenrats)
Direktor, österr.
djh Instruktor
djh Kammerdiener
djh Kammerheizer
djh Kammerheizerjunge
Dolmetscher
Dolmetscher, engl.
Dolmetscherin
Dolmetscherin, span.
Dolmetscher, moskow.
Dolmetscher, poln.
Dolmetscher, russ.
Dolmetscher, schwed.
Dolmetscher, türk.
Dolmetscher, ung. 
Dt. Vizekanzler
Edelknabe
Edelknaben Ballonmeister
Edelknaben Diener
Edelknaben Fechtmeister
Edelknabenfechtmeister Adjunkt
Edelknaben Hofmeister
Edelknaben Instruktor
Edelknaben Instruktor (Milit. Ingenieurskunst)
Edelknaben Lautenist
Edelknaben Meisterkoch
Edelknabenmeisterkoch Gehilfe
Edelknaben Portier
Edelknaben Präzeptor
Edelknaben Professor
Edelknaben Professor (allg.)
Edelknabenprofessoren Adjunkt
Edelknaben Professor (Math. & Ing.)
Edelknaben Professor (Recht)
Edelknaben Sprachmeister
Edelknaben Tafeldecker
Edelknabentafeldecker Gehilfe
Edelknaben Tafelwäscherin
Edelknaben Tanzmeister
Edelknabentanzmeister Adjunkt
Edelknaben Tranchiermeister
Edelknaben Wäscherin
Edelsteinbohrer
Edelsteinschneider
Edelsteinschneider Gehilfe
Ehrendame
Ehrenfrau
Ehrenhofkaplan
Ei
Einkäufer
Einkäufer Gehilfe
Einmacherin
Einnehmer
Einspannier
Eisenobmann (für NÖ u. ÖodE.)
Eisler
Envoyé
Envoyé, ao.
Envoyé Compromissaire
Equipageninspektor
Erblandküchenmeister (für NÖ u. ÖodE.)
Erbsilberkämmerer (von Tirol)
Erzieher
Erzieherin
Expeditor
Expeditor Adjunkt
Expeditor Expektant
Expeditor Substitut
Extradiener
Extradienerin
Extraheizer
Extrahoffourier
Extrahofkammerbote
Extrakammerfräulein
Extrakammerfräulein, sn.
Extrakapelldiener
Extramusiker
Extraschatzmeister Gehilfe
Extratafeljunge
Extratürhüter
Extraweib
Fagottist
Faischjäger
Falkenmeister
Falkner
Falknereisekretär
Falknereisekretär Adjunkt
Familiengüterbuchhalter
Familiengüterbuchhaltereipraktikant
Familiengüterdirektionshausknecht
Familiengüterdirektor
Familiengüterexpeditor
Familiengüteringrossist
Familiengüterkassenkontrollor
Familiengüterkassenoffizier
Familiengüterkassier
Familiengüterkonzipist
Familiengüterprotokollist
Familiengüterraitoffizier
Familiengüterraitrat
Familiengüterregistrator
Familiengütersekretär
Familiengütervizebuchhalter
Fasanjäger (in Schönbrunn)
Fasanwarter
Fasanwarter (im Neugebäude)
Fasanwarter (in der Favorita)
Fasanwarterin (in der Favorita)
Fechtmeister
Federschmücker
Federschmücker, hofbefr.
Federschmückerin
Feiertagsprediger
Feldbarbier
Feldbereiter
Felddolmetscher
Feldingenieur
Feldjäger
Feldkriegskanzleidirektor
Feldkriegskurier
Feldkriegssekretär
Feldkriegszahlmeister
Feldkurier
Feldmarschall
Feldmarschalllieutenant
Feldmediziner
Feldoberbereiter
Feldoffizier
Feldreisjäger
Feldtrompeter
Feldtrompeter Scholar
Feldtrompeter, sn.
Feueraufseher
Feuerinspektor (der Redoutensäle)
Feuerwerker (in Györ/Raab)
Finanzrat
Fischer
Fischmeister
Flügeladjutant
Forstamt Aktuar
Förster
Forstmeister
Forstmeister (im Auhof)
Forstmeister (im Prater)
Forstmeister (in Baden)
Forstmeister (in Ebersdorf)
Forstmeister (in Laxenburg)
Forstmeister (in Neustadt)
Forstmeister (in Orth)
Forstmeister (in Wolkersdorf)
Frauenzimmerbeichtvater
Frauenzimmerbeichtvater Socius
Frauenzimmerdienerin (im Privatgemach)
Frauenzimmerextramensch
Frauenzimmerextratürhüter
Frauenzimmerextraweib
Frauenzimmer Krankenwarterin
Frauenzimmerkreserin
Frauenzimmertafeldecker
Frauenzimmertafeldecker Gehilfe
Frauenzimmertafelwäscherin
Frauenzimmertürhüter
Frauenzimmertürhüter Gehilfe
Frauenzimmertürhüter, sn.
Frauenzimmertürhüter Untergehilfe
Frauenzimmerwäscherin
Fräuleindiener
Fräuleindienerin
Fräuleinhofmeisterin
Fräuleinhofmeisterin Dienerin
Fräuleinschneider
Fräuleintafeldecker
Fräuleintafeldecker Gehilfe
Fräuleintürhüter
Fräuleinwäscherin
Freiherrentafeldecker
Friseur
Früchteinspektor
Fürbitter
Fürschneider
Fürschneiderin
Fürschneider/Tranchant
Fußbote
Galeriedirektor
Galerieinspektor  
Galerieinspektor Adjunkt
Galeriekupferstecher
Galeriekustos
Galeriezeichner
Gal. Garde Adjutant
Gal. Garde Auditor
Gal. Garde Capitaine
Gal. Garde Capitainelieutenant
Gal. Garde Chirurg
Gal. Garde Fechtmeister
Gal. Garde Fourier
Gal. Garde Ingenieur
Gal. Garde Kaplan
Gal. Garde Mediziner
Gal. Garde Oberlieutenant
Gal. Garde Premierwachtmeister
Gal. Garde Professor (Artillerie u. Fortifikationswesen)
Gal. Garde Professor (Dt. Staatsrecht)
Gal. Garde Professor (Gesetzkunde)
Gal. Garde Professor (Kreisamtspraxis)
Gal. Garde Professor (Math.)
Gal. Garde Professor (Philosophie)
Gal. Garde Professor (Polit. Wiss.)
Gal. Garde Professor (Recht)
Gal. Garde Professor (Universalgeschichte)
Gal. Garde Profos
Gal. Garde Rechnungsführer
Gal. Garde Secondwachtmeister
Gal. Garde Sprachmeister, dt.
Gal. Garde Sprachmeister, frz.
Gal. Garde Sprachmeister, ital. 
Gal. Garde Tanzmeister
Gal. Garde Trompeter
Gambist
Gardehauptmann
Garderobist
Garderobist Diener
Garderobist Gehilfe
Garderobist Geselle
Garderobist Zahlmeister
Gartenaufseher
Garteningenieur
Gärteninspektor
Gärtner
Gärtner Adjunkt
Gärtner Geselle
Gärtner (im Prater)
Gärtner (in Laxenburg)
Gärtner (in Schönbrunn)
Geflügelmeier
Geflügelmeierin
Gegenhandler
Gegenregistrator
Gehegebereiter (in Oberlaa)
Geh. Konferenzrat
Geh. Rat
Geh. Ratspräsident
Geh. Ratstürhüter
Geh. Ratstürhüter Gehilfe
Geh. Rat, tit.
Geh. Rat, wirkl.
Geh. Sekretär
General
Generaladjutant
General (an der waras. Grenze)
Generalauditor
Generaldirektor (der Schatzkammern & Galerien)
Generalfeldmarschall
Generalfeldmarschalllieutenant
Generalfeldwachtmeister
Generalfeldzeugmeister
Generalhofzahlamt Administrator
Generalhofzahlmeister
Generalkommissar
Generalkriegskommissar
Generallandoberst
Generallieutenant
Generallieutenant (in Ungarn)
Generalmajor
Generalprokurator
Generalproviantmeister
Generalspesierungskommissar
Generalwachtmeister
Gerichtssekretär
Gesandtschaftssekretär
Gesandtschaftszeremonienansager
Geschirrmeister
Gestütsknecht
Gesundheitsratspräsident
Glaser
Glasermeister
Gnadenstockhaus Profos 
Goldarbeiter
Goldarbeiter, hofbefr.
Goldschlager
Goldschmied
Goldschmied, hofbefr.
Goldsticker
Grenzoberster
Großbotschafter
Großuhrmacher
Grundbuchamt Handler
Grundbuchamt Kanzleidiener
Grundbuchamt Kontrollor
Grundbuchamt Praktikant
Grundbuchamt Schreiber
Grundbuchamt Waldübergeher
Guardadamas
Guardadamasin
Guardadamasin Dienerin
Guardadamasin Gehilfin
Guardadamas, sn.
Gürtler
Haberkastner
Haberkastner Adjunkt
Haberspitzer
Hafnermeister
Handarbeiter
Handarbeiter, hofbefr.
Handelsmann
Handelsmann, hofbefr.
Hansgraf
Hansgraf, mähr.
Hartschier
Hartschieren Ansager
Hartschieren Barbier
Hartschieren Fourier
Hartschieren Hauptmann
Hartschieren Hauptmann, anges.
Hartschieren Herpauker
Hartschieren Kavalier
Hartschieren Lieutenant
Hartschieren Oberfourier
Hartschieren Rottmeister
Hartschieren Schmied
Hartschieren Schmied/Barbier
Hartschieren Trompeter
Hartschierentrompeter Lehrjunge
Hartschieren Unterfourier
Hartschieren Wachtknecht
Hartschier/Trabant
Haubenhefterin
Hauptmann
Hauptmann (des Arsenals)
Hausknecht
Hausmeister (des Kammerhauses)
Hausmeister (im Alten Kameralhaus)
Hausmeister (im Hofzahlamt)
Hausmeister (im Span. Haus)
Hausmeister (in der Favorita)
Hausmeister (in Laxenburg)
Hebamme
Heizer
Heizer, interim.
Hemdwäscherin
Herold
Herold, böhm.
Herold, österr.
Herold, sn. ung.
Herold, ung.
Herpauker
Hetzer
Heubinder
Heumeister
Heumeister Adjunkt
Heyduck
Historieninstruktor
Historiker
Historiker Adjunkt
Historiker Assistent
Historiker Sekretär
Hofapothekenprovisor (in Schönbrunn)
Hofapotheker
Hofapotheker Adjunkt
Hofapotheker Adjunkt/Gehilfe
Hofapothekerin
Hofapotheker, interim.
Hofbarbier
Hofbarbier, hofbefr.
Hofbarbier Lehrjunge
Hofbarbier, sn.
Hofbauamt 1. Schreiber
Hofbauamt 2. Schreiber
Hofbauamt Akzessist
Hofbauamt Amtsoffizier, kontroll.
Hofbauamt Assessor
Hofbauamt Assistent
Hofbauamt Aufseher
Hofbauamt Bauhoftischler
Hofbauamt Bauschreiber
Hofbauamt Bauübergeher
Hofbauamt Bote
Hofbauamt Diener
Hofbauamt Direktor
Hofbauamt Expeditor
Hofbauamt Fuhrmann
Hofbauamt Gärtner
Hofbauamt Gegenhandler
Hofbauamt Hausmeister 
Hofbauamt Holzbeschauer
Hofbauamt Holzbeschreiber
Hofbauamt Holzverwalter
Hofbauamt Ingenieur
Hofbauamt Inspektor
Hofbauamt Kanzleigehilfe
Hofbauamt Kanzlist
Hofbauamt Kassenoffizier, kontroll.
Hofbauamt Kassenverwalter
Hofbauamt Kassier
Hofbauamt Konzipist
Hofbauamt Maler
Hofbauamt Materialienaufseher
Hofbauamt Materialienschreiber
Hofbauamt Materialienverwalter
Hofbauamt Praktikant
Hofbauamt Protokollist
Hofbauamt Raitoffizier
Hofbauamt Raitrat
Hofbauamt Rechnungsführer
Hofbauamt Rechnungskonfizient
Hofbauamt Registrator
Hofbauamtsbauübergeher Adjunkt
Hofbauamt Schreiber
Hofbauamt Schreiber (in Laxenburg)
Hofbauamt Sekretär 
Hofbauamtsholzverwalter Adjunkt
Hofbauamt Zeichner
Hofbauamt Zimmermann
Hofbaukassendiener
Hofbaukommissionsaktuar
Hofbaukommissionsbeisitzer
Hofbaukommissionskanzleidirektor
Hofbaukommissionsreferent
Hofbaukommissionssekretär
Hofbaukommissionstürhüter
Hofbuchhalter
Hofbuchhaltereidiener
Hofbuchhaltereikontrollor
Hofbuchhaltereischreiber
Hofburggraf
Hofburgwache Auditor
Hofburgwache Capitaine
Hofburgwache Fourier
Hofburgwache Hauptmann
Hofburgwache Kaplan
Hofburgwache Oberlieutenant
Hofburgwache Rechnungsführer
Hofburgwache Unterlieutenant
Hofchirurg
Hofchirurg Lehrjunge
Hofchirurg, sn.
Hofchirurg, tit.
Hoffaktor
Hoffourier
Hoffourier Ansager
Hoffourier, sn.
Hoffourier, wirkl.
Hoffräulein
Hoffräulein, span. 
Hoffutteramt Adjunkt
Hoffutteramt Akzessist
Hoffutteramt Amtsoffizier
Hoffutteramt Barbier
Hoffutteramt Diener
Hoffutteramt Gegenhandler
Hoffutteramt Inspektor
Hoffutteramt Kassier
Hoffutteramt Schmiedmeister
Hoffutterknecht
Hoffuttermeister
Hoffuttermeister Adjunkt
Hoffutterschreiber
Hofgärtner (in der Favorita)
Hofgebäudeinspektor
Hofjude
Hofjude, hofbefr.
Hofkammerbote
Hofkammerbote Adjunkt
Hofkammerbote Expektant
Hofkammerdiener
Hofkammerdiener Akzessist
Hofkammerdiener, sn.
Hofkammerpräsident
Hofkammerprokurator
Hofkammerrat
Hofkammerrat, tit.
Hofkammerrat, wirkl.
Hofkammerrepräsentant
Hofkammerschreiber
Hofkammersekretär
Hofkammertischler
Hofkammervizepräsident
Hofkammervizeprokurator
Hofkammervizeprokurator Adjunkt
Hofkanzleidiener
Hofkanzler
Hofkanzlist
Hofkaplan
Hofkaplan, sn.
Hofkaplan, tit.
Hofkavalier
Hofkavalier, sn.
Hofkavalier, welsch.
Hofkontrollor
Hofkontrollor Adjunkt
Hofkontrollor Akzessist
Hofkontrolloramt Diener
Hofkontrolloramt Gegenhandler
Hofkontrolloramt Schreiber
Hofkontrolloramt Verwandter
Hofkontrollor Tafeldecker
Hofkontrollortafeldecker Gehilfe
Hofkontrollor, wirkl.
Hofkriegsagent
Hofkriegsbuchhalter
Hofkriegskanzleirat
Hofkriegsrat
Hofkriegsratspräsident
Hofkriegsratspräsident, anges.
Hofkriegsratsvizepräsident
Hofkriegsrat, wirkl.
Hofkriegssekretär
Hofkriegsvizebuchhalter
Hofkriegszahlamt Kontrollor
Hofkriegszahlmeister
Hofküchendienerin
Hofküchengehilfin
Hofkücheninspektor
Hofküchenjunge
Hofküchenkassendiener
Hofküchenkassengegenschreiber
Hofküchenkassenschreiber
Hofküchenkassier
Hofküchenkohlenträger
Hofküchenmensch
Hofküchenschreiber
Hofküchenschreiber Adjunkt
Hofküchenschreiber Junge
Hofküchenschreiber Schreiber
Hofküchenträger
Hofküchentürhüter
Hofküchenverwalter
Hofküchenwäscher
Hofküchenwäscherin
Hofküchenweib
Hofkurier
Hofkurier, oriental.
Hofkurier, sn.
Hofkurier, türk.
Hoflehenrechtsbeisitzer (bei der böhm. Landtafel)
Hoflehensrechtsassesor
Hofmarschall
Hofmarschallamt Sekretär
Hofmarschallamt Verwalter
Hofmarschallsekretär Adjunkt
Hofmarschall, wirkl.
Hofmediziner
Hofmediziner, sn.
Hofmediziner, span.
Hofmeister
Hofmohr
Hofparteienvertreter
Hofpatres Diener
Hofpatres Tafeldecker
Hofpatrestafeldecker Adjunkt
Hofpfarrer
Hofprälat
Hofprediger
Hofprofos 
Hofprofoslieutenant
Hofquartieramt Diener
Hofquartiermeister
Hofquartierprotokollist
Hofquartierprotokollist Adjunkt
Hofrechenkammerpräsident
Hofsekretär
Hofsekretär, dt.
Hofsekretär, span. 
Hofsekretär, wirkl.
Hofstaatsdienerin
Hoftrompeter Lehrjunge
Hofvizekanzler
Hofvizekontrollor
Hofwirtschaftsrat
Hofwirtschaftsrat Adjunkt
Hofzahlamt Amtsoffizier
Hofzahlamt Kassier
Hofzahlamt Kontrollor
Hofzahlamt Schreiber
Hofzahlamt Verwalter
Hofzahlmeister
Holzaufseher
Holzbeschauer
Holzhacker
Holzinspektor
Holzinspektor (in Schönbrunn)
Holzträger
Holzverschleißamt Empfänger
Holzverschleißinspektor
Holzverschleißkontrollor
Holzverwalter
Houschier
Hufschmied
Hundsjäger
Hundsjäger (in Penzing)
Hutmacher
Ingenieur
Ingrossist
Ingrossist Adjunkt
Ingrossist Akzessist
Ingrossist (bei der mähr. Landtafel)
Ingrossist, sn.
Innerer Rat
Inquisitionskommissar
Inspektor
Inspektor (in der Augustinerbastei)
Instruktor
Instruktor Socius
Instrumentenausteiler
Instrumentendiener
Instrumentendiener Adjunkt
Instrumentenmacher
Instrumentenmacher, math.
Instrumentenmacher Scholar
Instrumentist
Instrumentisten Diener
Instrumentisten Scholar
Instrumentist/Violinist
Intendant
Internuntio
IÖ Hofkammerpräsident
IÖ Hofkammervizepräsident
IÖ Landen Geh. Sekretär
IÖ Landen Referendar 
IÖ Statthalter
Jagdchirurg
Jagdschmied
Jäger
Jägereiadjunkt
Jägereiakzessist
Jägereichirurg
Jägereifeldkaplan
Jägereihauptrechnungsführer
Jägereihauptrechnungsführer Kontrollor
Jägereikanzleidiener
Jägereikanzlist
Jägereikassenkontrollor
Jägereikassier
Jägereikonzipist
Jägereioberamtskontrollor
Jägereipraktikant
Jägereiprotokollist
Jägereirat
Jägereirechnungsführer
Jägereirechnungskonfizient
Jägereiregistrator
Jägereischreiber
Jägereisekretär
Jägereisekretär Adjunkt
Jägerhornist
Jägerknecht
Jägermeister
Jäger zu Fuß mit Hund
Jurainstruktor
Justiz-Bancodeputationsrat
Juwelier
Juwelier, hofbefr.
Kabinettsbildhauer
Kabinettsbote
Kabinettsdiener
Kabinettsekretär
Kabinettsekretär Schreiber
Kabinettsgardist
Kabinettskanzleidiener
Kabinettskanzlist
Kabinettskanzlist, sn.
Kabinettskonzipist
Kabinettskurier
Kabinettskurier, sn.
Kabinettsmechaniker/Kabinettsarbeiter
Kabinettsminister
Kabinettsoffizial
Kabinettssekretär
Kabinettstischler
Kalkmesser
Kalkmesser Adjunkt
Kalkschreiber
Kammeradministrator
Kammeransager
Kammeransager, sn.
Kammerarchitekt 
Kammerassessor
Kammerballenmeister
Kammerbarometermacher
Kammerbeinstecher
Kammerbeisitzer (bei der böhm. Landtafel)
Kammerbildhauer
Kammerbüchsenspanner
Kammerdiener
Kammerdienerin
Kammerdienerinmensch
Kammerdienerinnen Dienerin
Kammerdienerin, sn.
Kammerdienerin Tafeldecker
Kammerdiener, sn.
Kammerdiener Tafeldecker
Kammerdienertafeldecker Gehilfe
Kammerdiener, wirkl.
Kammerebenist
Kämmerer
Kämmerer Tafeldecker
Kämmerertafeldecker Gehilfe
Kämmerer Tafelwäscherin
Kämmerer, wirkl.
Kammerfourier
Kammerfourierholzträger
Kammerfourierträger
Kammerfräulein
Kammerfräulein Dienerin
Kammerfräuleindienstmensch
Kammerfräulein (im Privatgemach)
Kammerfräuleinmensch
Kammerfräulein Tafeldecker
Kammerfutteralmacher
Kammergerichtsbeisitzer
Kammergoldarbeiter
Kammergoldarbeiter Adjunkt
Kammergoldschmied
Kammerheizer
Kammerheizer Gehilfe
Kammerheizer Junge
Kammerherr
Kammerherrenfrau
Kammerherrenwitwe
Kammerherr, sn.
Kammerherr, wirkl.
Kammerjuwelier
Kammerköchin
Kammerköchin Gehilfin
Kammerkommissar (in Siebenbürgen)
Kammerkristallschneider
Kammerkristallschneider Adjunkt
Kammerkristallschneiderin
Kammerküchenmensch
Kammerküchenträger
Kammerkupferstecher
Kammerkurier
Kammerlakai
Kammerlappe
Kammerlappen Diener
Kammerlappen Hofmeister
Kammerlappen Wäscherin
Kammerlieferant
Kammermaler
Kammermalerin
Kammermedaillieur
Kammermensch
Kammermensch Gehilfin
Kammermusiker
Kammermusikerin
Kammermusikintendant
Kammernäherin
Kammernarren Diener
Kammernarren Hofmeister
Kammeroffizier
Kammerperlhefter
Kammerperlsticker
Kammerpräfekt
Kammerpräsident
Kammerrat
Kammerregistrator
Kammerrichter
Kammersänger
Kammerschlosser
Kammersekretär
Kammersiegelschneider
Kammersiegelschneider Adjunkt
Kammersilberarbeiter
Kammersteinschneider
Kammersteinschneider Adjunkt
Kammerstickerin
Kammertischler
Kammertrabant
Kammertürhüter
Kammertürhüter, sn.
Kammeruhrmacher
Kammervergolder
Kammervergolderin
Kammerwachsarbeiter
Kammerweib
Kammerweib, span.
Kammerzahlamt Amtsoffizier
Kammerzahlamt Diener
Kammerzahlamt Hauptkassenkontrollor
Kammerzahlamt Hausknecht
Kammerzahlamt Heizer
Kammerzahlamt Kassier
Kammerzahlamt Schreiber
Kammerzahlmeister
Kammerzahnarzt
Kammerzeichner
Kammerzwerg
Kammerzwerge Diener
Kammerzwerge Dienerin
Kammerzwerge Hofmeister
Kammerzwergin
Kanzleibote
Kanzleidiener
Kanzleidiener Adjunkt
Kanzleidiener Akzessist
Kanzleidirektor
Kanzleiheizer
Kanzleioffizial
Kanzleirat
Kanzleitürhüter
Kanzleitürhüter Adjunkt
Kanzleiverwalter
Kanzleiverwandter
Kanzler
Kanzleramtsverwalter
Kanzlist
Kanzlist Adjunkt
Kanzlist Akzessist
Kanzlist, ao.
Kanzlist, ital. 
Kanzlist, sn.
Kanzlist Substitut
Kanzlist, wirkl.
Kapelldiener
Kapelldiener Adjunkt
Kapelldiener Gehilfe
Kapelldiener (in der Xaverikapelle)
Kapelldiener (in Hetzendorf)
Kapelldiener (in Schönbrunn)
Kapelldiener Junge
Kapelldiener Junge (in der Hofburgpfarre)
Kapelldiener Junge (in Hetzendorf)
Kapelldiener Junge (in Laxenburg)
Kapelldiener Junge (in Schönbrunn)
Kapellgehilfe
Kapelljunge
Kapellkleriker
Kapellkleriker, sn.
Kapellmeister
Kapellmeister Substitut
Kapellschneider
Kapellwäscherin
Kapellwäscherin Adjunktin
Kaplan
Kaplan (der Gartengebäude, Josephstadt)
Kaplan (in Hetzendorf)
Kaplan (in Laxenburg)
Kaplan (in Schönbrunn)
Kassier
Katechet
Kavalleriegeneral
Kehrer
Kellerbinder
Kellerdiener
Kellergegenschreiber
Kellergehilfe
Kellermeister
Kellermeister Junge
Kellerschenk
Kellerschreiber
Kellerträger
Kesselreiber
Klampferer
Klarinettist
Klavierinstruktor
Klempner
Klepperschmied
Klosterratsverordneter
Knopfmacher
Knopfmacher, hofbefr.
Knopfmacherin
Koadjutor (beim Primas v. Ungarn)
Koch
Köchin
Köchin Gehilfin
Kollegiumsmitglied
Kommandant (der Festung Komorn, Ungarn)
Kommandant (der ksl. Burg Friedberg)
Kommandant (in Prag)
Kommandant (in Wr. Neustadt)
Kommandant, wirkl. (der Festung Spielberg, Mähren)
Kommerzienrat
Kommerzienratssekretär
Kommissar
Kommissar (am Reichstag)
Kommissar (des ksl. Gottesackers vor dem Schottentor)
Kommissar (in Prag)
Kommissar, kgl.
Kommissionsansager
Kommissionsingrossist
Kommissionskanzlist
Kommissionsmitglied
Komödiensticker
Kompassmacher
Komponist
Komponist, adjung.
Komponist, sn.
Konkommissar
Konservator
Konsul
Kontraaltist
Kontrollor
Konzertdiener
Konzertdispensator
Konzertdispensator Adjunkt
Konzertdispensator Substitut
Konzertmeister
Konzipist
Konzipist Adjunkt
Konzipist Akzessist
Konzipist, design.
Konzipist, sn.
Kopieschreiber
Kopieschreiber Akzessist
Kopist
Kornettist
Korrespondent
Krähenfalkenmeister
Krankenköchin
Krankenküchenmensch
Krankenküchenträger
Krankenwarterin
Krankenwarterin Gehilfhin
Kreiskommissar
Kriegsfaktor
Kriegskommissar
Ksl. Privatkasse Diener
Ksl. Privatkasse Kassenoffizier
Ksl. Privatkasse Kassier
Kunstkammerinspektor 
Kunstkammerinspektor Adjunkt
Kupferdrucker
Kupferdrucker/Kupferstecher
Kupferschmied
Kupferstecher
Kupferverleger, ksl. (in den ung. Bergstädten)
Kurschmied
Kürschner
Kustos
Kustos (Physisches Fach)
Kutscher
Kutscher (in der Campagne Reitschule)
Lakai/Läufer
Landbauschreiber
Landesanwalt
Landeshauptmann
Landeshauptmann (in Bozen)
Landeshauptmannschaft Verwalter
Landesverweser
Landesvizedom
Landgerichtsdiener
Landhofmarschall
Landingenieur
Landjägermeister
Landjägermeister (in ÖodE.)
Landkämmerer, mähr. 
Landmarschall
Landoberst
Landrat
Landschaftssolizitator
Landschreiber
Landtagsmitglied
Landunterjägermeister
Landvogt
Laterninspektor
Läufer
Lautenist
Lautenmacher
Lautenmacher Adjunkt
Legations-/Ablegationssekretär, ksl.
Legationsresident, ksl.
Legationssekretär, ksl.
Lehengerichtsbeisitzer
Lehenknecht
Lehensekretär
Leibapotheker
Leibapotheker Adjunkt/Gehilfe
Leibapotheker, interim.
Leibbarbier
Leibbarbier, sn.
Leibbereiter
Leibchirurg
Leibchirurg, sn.
Leibhutmacher
Leibkreserin
Leibkürschner
Leibkürschnerin
Leibkutscher
Leiblakai
Leiblakaien Ansager
Leibmediziner
Leibmediziner, sn.
Leibmundköchin
Leibnäherin
Leibokulist
Leibschiffmeister
Leibschiffmeister Gehilfe
Leibschneider
Leibschneider Gehilfe
Leibschuster
Leibwäscherin
Leilachwäscherin
Leinenwäschemeisterin
Leinwandhändler, hofbefr.
Leinwandwäscherin
Lektionschreiber
Lerchenjäger
LGF Auditor
LGF Capitainelieutenant
LGF Chirurg
LGF Hauptmann
LGF Kaplan
LGF Premierlieutenant
LGF Premierwachtmeister
LGF Rechnungsführer
LGF Secondlieutenant
LGF Wachtmeister
Lichtkammeraufseher
Lichtkämmerer
Lichtkämmerer Junge
Lichtkammerschreiber
Lichtkammerträger
Lichtkammerverwalter
Lieferant
Lieutenant
Liquidator
Liquidator Adjunkt
Livreeschneider
Livreeschneider, ung.
Löwenwarter
Luftschütze
Lustgärtner
Lustgärtner (im Neugebäude)
Lustgärtner (in der Favorita)
Lustgebäudeinspektor
Machinist
Major
Maler
Malereiinspektor
Marqueur Adjunkt (im Ballhaus)
Marqueur (im Ballhaus)
Maschinist Gehilfe
Mathematiker
Mathematikinstruktor
Matratzenmacher
Maurermeister
Maurerpolier
Maurerpolier Adjunkt
MD Capitainelieutenant
MD Chirurg
MD Hauptmann
MD Kaplan
MD Premierlieutenant
MD Premierwachtmeister
MD Profos
MD Rechnungsführer
MD Secondlieutenant
MD Wachtmeister
Mechaniker
Medailleninspektor
Mediziner (der Festung Großwardein, Ungarn)
Meisterkoch
Meisterkoch Gehilfe
Menageriedirektor (in Schönbrunn)
Menageriegehilfe (in Schönbrunn)
Messerschmied
Messerschmied, hofbefr.
Militärdelegierter (beim OÖ Geh. Rat)
Millonfalkenmeister
Minderschreiber (bei der böhm. Landtafel)
Mineralienkustos
Minister, ksl.
Ministerresident
Mitabgesandter, ksl.
Mobilieninspektor
Mobilieninspektor Adjunkt
Mobilieninspektorat Schreiber
Mobilienmagazinverwalter
Mobilienmagazinverwalter Adjunkt
Mobilienwarter Junge (in Schönbrunn)
Modeleur
Müllner
Mundarzt
Mundbäcker
Mundbäckerin
Mundkoch
Mundkoch Gehilfe
Mundköchin
Mundköchin Gehilfin
Mundköchin/Mundköchin Gehilfin
Mundkoch, wirkl.
Mundküchenabwäscherin
Mundküchenträger
Mundküchentürhüter
Mundpastetenkoch
Mundschenk
Mundschenkin
Mundwäscherin
Münzeisenschneider
Münzkabinettsadjunkt
Münzkabinettsdirektor
Münzkabinettskustos
Münzkabinettspraktikant
Münzkabinettsschreiber
Münzmeister
Münzschmiedmeister
Musikdirektor, interim.
Musiker
Musikerin
Musiker Tafeldecker
Musikgraf
Musikgraf/Musikdirektor
Musikinspektor
Musikinstruktor
Musikkonzipist
Musikmeister
Musikscholar
Nagelschmiedmeister
Näherin
Naturalienkabinettsdirektor
Naturalienkabinettsdirektor Adjunkt
Naturalienkabinettskustos
Naturalienkabinettskustos Adjunkt
Naturalienmaler
Nebenkoch
Negotiant
NN*
NN (Frauenzimmer)
NN (Jägerei)
NN (Küche)
NN (Musik)
NN (OStA)
NN (Silberkammer)
NN (Trabanten)
NÖ Appellationsrat
NÖ Appellationsratsvizepräsident
NÖ Einnehmeramt Verwalter
NÖ Expeditionexpeditor
NÖ Expeditionsansager
NÖ Expeditionsexpektant
NÖ Expeditionsheizer
NÖ Expeditionskanzleidiener
NÖ Expeditionskanzlist
NÖ Expeditionskonzipist
NÖ Expeditionsregistrant
NÖ Expeditionsregistrant, sn.
NÖ Expeditionsregistrator
NÖ Expeditionsregistrator Adjunkt
NÖ Expeditionssekretär
NÖ Expeditionstürhüter
NÖ Fiskaladjunkt
NÖ Generalobrist
NÖ Kammerprokurator
NÖ Kammerprokurator Adjunkt
NÖ Kammerprokurator, wirkl.
NÖ Kammerrat
NÖ Kammervizeprokurator
NÖ Kanzleiverwalter
NÖ Landen Geh. Sekretär
NÖ Landen Referendar 
NÖ Landesrat
NÖ Landmann
NÖ Landmarschall
NÖ Landrechtsbeisitzer
NÖ Landrechtsbeisitzer, sn.
NÖ Landrechtspräsident
NÖ Landrechtsvizepräsident
NÖ Landunterjägermeister
NÖ Landuntermarschall
NÖ Landuntermarschall Verwalter
NÖ Raitherr
NÖ Regent
NÖ Regierungskanzler
NÖ Regierungsmittelrat
NÖ Regierungsrat
NÖ Regierungsrat, ao.
NÖ Regierungsrat, sn.
NÖ Regierungsrat, wirkl.
NÖ Ritterstandspräses
NÖ Statthalter
NÖ Statthalteramtsverwalter
Notar
Notar, öffentl.
Notist
NÖ Verordneter
NÖ Vizestatthalter
NÖ Vizestatthalteramtsanwärter
NÖ Vizestatthalteramtsverwalter
NÖ Vizestatthalter, wirkl.
Oberamtskanzleirat
Oberarchitekt
Oberbauinspektor
Oberbereiter
Oberbereiter (in der Campagne Reitschule)
Oberdirektor
Obereinkäufer
Obereinkäufer Gehilfe
Obereinnehmer
Oberfaktor
Oberhauptmann
Oberhofkaplan
Oberingenieur
Oberinspektor
Oberjäger
Oberjäger (im Laxenburger Leibgehege)
Oberkammerfourier
Oberkommissar
Oberkommissar (im VodM)
Oberkommissar (im VodW)
Oberkommissar (im VudM)
Oberkommissar (im VudWW)
Oberlieutenant
Oberpastetenkoch
Oberpiqueur
Oberpiqueur (in Penzing)
Oberregent
Oberrüdenmeister
Oberschifflieutenant
Obersiegelamtmann
Oberst
Oberst, bestellter
Oberstburggraf
Oberst (der ung. Bergstädte)
Obersterblandfalkenmeister (in NÖ)
Obersterblandhofmeister (in ÖodE.)
Obersterblandjägermeister (in Böhmen)
Obersterbmarschall
Obersterbmundschenk (in NÖ)
Obersterbmünzmeister (in NÖ u. ÖodE.)
Obersterbtruchseß (der Gfst. Görz)
Obersterbtruchseß (des Hzgtm. Steiermark)
Oberstfalkenmeister
Oberstfeldmarschall
Oberstfeldproviantmeister
Oberstforstmeister
Obersthof- & Generalerblandpostmeister
Obersthofküchenmeister
Obersthofmarschall
Obersthofmarschallamt Kanzleidirektor
Obersthofmarschallamt Praktikant
Obersthofmarschallamt Verweser
Obersthofmarschall, anges.
Obersthofmeister
Obersthofmeister, anges.
Obersthofmeisterin
Obersthofmeisterin Dienerin
Obersthofmeisterin Küchenträger
Obersthofmeister, Mit-1.
Obersthofquartiermeister
Obersthofschreiber
Oberstingenieur (auf der Festung Raab, Ungarn)
Oberstjägermeister
Oberstjägermeister (in OÖ)
Oberstkämmerer
Oberstkämmereramt Kanzlist
Oberstkämmereramt Sekretär
Oberstkämmerer, anges.
Oberstkammerfräulein
Oberstkammergraf
Oberstkommissar (im Reich)
Oberstkommissar (in Italien)
Oberstkriegskommissar
Oberstkriegskommissariatsdirektor
Oberstlandhofmeister
Oberstlandjägermeister
Oberstlandmarschall
Oberstlandrichter
Oberstland- u. Hauszeugmeister
Oberstlehnrichter
Oberstlieutenant
Oberstmünzmeister
Oberstmustermeister
Oberstsilberkämmerer
Oberststabelmeister
Oberststallmeister
Oberststallmeister, anges.
Oberstvizesilberkämmerer
Oberstwachtmeister
Obertapezierer
Oberwagenmeister
Oberwaldmeister
Oberzehenthandler
Oberzuckerbäcker
Oberzuckerbäcker Adjunkt
Oboist
Oboist, sn.
Obsichthaber
Öbstler
Öbstlerin
Ö Expeditionsexpeditor
Ö Expeditionsexpeditor Adjunkt
Ö Expeditionsexpeditor Substitut
Ö Expeditionskonzipist
Ö Expeditionsregistrator
Ö Expeditionsregistrator Adjunkt
Offiziant
Offiziere Tafeldecker
Offizierstafeldecker Gehilfe
Öhler
Okulist
ÖodE. Landen Geh. Sekretär 
ÖodE. Landen Referendar  
ÖodE. Verordnetenpräsident
ÖodE. Verordneter
OÖ Expeditionssekretär
OÖ & VÖ Landen Geh. Sekretär
OÖ & VÖ Landen Referendar
Optiker
Oratoridiener
Organist
Organist Scholar
Organist, sn.
Orgelmacher
Orgelmacher Adjunkt
Orgelmacher Scholar
Österr. NL Statthalterin
Palastdame
Palatin
Partausteiler
Partausteiler Adjunkt
Pauker
Pauker Lehrjunge
Perlsticker
Perückenmacher
Perückenmacher Adjunkt
Perückenmacherin
Petschierstecher
Pfarrvikar
Pfarrvikar, sn.
Pfennigmeister
Pferdeknecht
Pferdezähmer
Pfleger (in Schönbrunn)
Physikal. Kabinettsdirektor
Physikal. Kabinettsinspektor
Plenipotentarius
Plenipotentarius Delegatus
Plenipotentiarius
Poesieinstruktor
Poet
Poet Scholar
Portier
Portier Adjunkt (im Augarten)
Portier (im Augarten)
Portier (im Belvedere)
Portier (im Klostergebäude, ?)
Portier (im Salesianerhaus, Wien)
Portier (in der Hofburg)
Portier (in der Stallburg)
Posamentierer
Posamentiererin
Posaunist
Posaunist, sn.
Postamt Buchhalter
Postamt Sekretär
Postbeförderer
Postinbereiter
Postinbereiter Scholar
Postmeister (in St. Pölten)
Postoffizierkurier
Postverwalter
Präfekt (der Festung Arad)
Präses
Präzeptor
Prinzessinnen Obersthofmeisterin
Prinzipalkommissar, interim. ksl. (am Reichstag)
Prinzipalkommissar, ksl. (am Reichstag)
Prodekan
Professor (Anatomie)
Professor (Arab., Pers., Türk.)
Professor (Diplomatik)
Professor (Dogmatik)
Professor (Kirchengeschichte)
Professor (Medizin)
Professor (Recht)
Profos
Protochirurg
Protokollist
Protomediziner
Protonotar
Proviantlieutenant
Proviantoberstlieutenant
Proviantsekretär
Pulverlieferant
Pupillarraithandler
Pupillarraithandler Adjunkt
Quartiermeister
Raigerfalkenmeister
Raigerwarter
Raigerwarter (in Laxenburg)
Raigerwarter (in Wr. Neustadt)
Raitdiener
Raitdiener Akzessist
Raitdiener/Raitoffizier
Raitdiener/Raitoffizier, sn.
Raitdiener, sn.
Raitherr
Raitkollegiumsoffizier
Raitmarschall
Raitmeister
Raitoffizier
Raitoffizier Akzessist
Raitoffizier, sn.
Raitrat
Raitrat, sn.
Ratsfrau
Ratsprotokollist
Ratswitwe
Rauchfangkehrer
Rauchfangkehrer Adjunkt
Rechnungsoffiziant
Rechnungsrevisor
Rechnungsrevisor Adjunkt
Referendar
Reformationskommissar
Regierungsheizer
Regierungssekretär
Registrant
Registrant Adjunkt
Registrant/Registrator
Registrant, sn.
Registrator
Registrator Adjunkt
Registrator Akzessist
Registrator (bei der mähr. Landtafel)
Registraturdirektor
Registraturverwandter
Reichkommissar
Reichserbmundschenk
Reichserbschatzmeister
Reichserbtruchseß
Reichserzkanzler
Reichsexpeditionssekretär
Reichsgeneralpostmeister
Reichsherold
Reichshoffiskal
Reichshoffiskal Adjunkt
Reichshofrat
Reichshofratsagent
Reichshofratsagent, geschw.
Reichshofratspräsident
Reichshofratsvizepräsident
Reichshofrat, wirkl.
Reichshofreferendar
Reichskanzleikurier
Reichspfennigmeister
Reichspfennigmeister Kontrollor
Reichspfennigmeister, sächs.
Reichspostmeister (in Regensburg)
Reichssekretär
Reichsvizekanzler
Reichsvizekanzler, interim.
Reiherwarter
Reisjäger
Reitjäger (im Prater)
Reitjäger (im Stadtgut)
Reitknecht
Reitknecht/Kutscher
Rektor
Religionsinstruktor
Rentmeister
Rentmeister Akzessist
Reparationsglaser
Reparationsschlosser
Reparationstischler
Resident, ao.
Resident, ksl.
Resident, kurbayer.
Resident, kurbrandenburg.
Resident, kurbraunschweig-hannov.
Resident, kurköln.
Resident, kurmainz.
Resident, kurpfälz.
Resident, kursächs.
Resident, kurtrier.
Restantenkommissar (im NÖ Rentamt)
Revierfalkenmeister
Revierjäger
Revisoringrossist
Revisorkassier
Riemer
Riemerin
Riemermeister
Ritterstubentürhüter
Rittmeister
Rollist
Rosenkranzpater
Rossarzt
Rottmeister
Rüdenknecht
Rumorhauptmann
Rüstmeister
Saalkammerdiener
Saaltürhüter
Saaltürhüter Gehilfe
Saaltürhüter, sn.
Saaltürhüter Untergehilfe
Sakristan
Salitermacher
Salzamtmann (in Gmunden)
Salzamtmann (in Mähren)
Salzamtmann (in NÖ)
Salzamtmann (in Siebenbürgen)
Salzamtmann (in Ungarn)
Salzhauptmann (in NÖ)
Samenhändler
Sandwerfer
Sänftenknecht
Sänftenmeister
Sänger
Sängerin
Sängerknaben Vorsteher
Sattelkammerverwalter
Sattelknecht
Sattelknecht Adjunkt
Sattler
Sattlerin
Sattler (in der Campagne Reitschule)
Sattlermeister
Säugamme
Schatzgewölbeaufseher
Schatzmeister
Schatzmeister Adjunkt
Schatzmeister Gehilfe
Schatzmeister (in Prag)
Scheidenknecht
Schiffbaumeister
Schles. Kammerpräsident
Schles. Kammerrat
Schles. Kammerrat, wirkl.
Schles. Kammervizepräsident
Schlosser
Schlossermeister
Schlossgarde 1. Hauptmann
Schlossgarde 2. Hauptmann
Schlossgarde Auditor
Schlossgarde Fourier
Schlossgarde Oberlieutenant
Schlossgarde Oberst
Schlossgarde Unterlieutenant
Schlosshauptmann (im Belvedere)
Schlosshauptmann (in der Favorita)
Schlosshauptmann (in Ebersdorf)
Schlosshauptmann (in Eckartsau)
Schlosshauptmann (in Graz)
Schlosshauptmann (in Hetzendorf)
Schlosshauptmann (in Hollitsch)
Schlosshauptmann (in Laxenburg)
Schlosshauptmann (in Ofen)
Schlosshauptmann (in Schlosshof)
Schlosshauptmann (in Schönbrunn)
Schlosshauptmann (in Troya)
Schlosshauptmann (in Wr. Neustadt)
Schlossinspektor (in Hetzendorf)
Schlossinspektor (in Ofen)
Schlossinspektor (in Schönbrunn)
Schlossinspektor (in St. Veit)
Schmelzer
Schmied (im Span. Hofstall)
Schmied (in der Campagne Reitschule)
Schmiedmeister
Schneider
Schneiderin, hofbefr.
Schnurmacher
Scholar (in der Campagne Reitschule)
Schreiber
Schreiber (im NÖ Rentamt)
Schreiber (im NÖ Waldamt)
Schreibgehilfe
Schreibmeister
Schubschreiber
Schuster
Schuster, hofbefr.
Schweizergarde Fähnrich
Schweizergarde Hauptmann
Schweizergarde Oberlieutenant
Schweizergarde Oberst
Schweizergarde Unterlieutenant
Schwertfeger
Schwertfegerin
Seidensticker
Seidenstrumpfstricker/-wirker
Seiler
Seilerin
Sekretär
Sekretär Adjunkt
Sekretär Diener
Sekretäre Tafeldecker
Sekretär Schreiber
Sekretär, sn.
Sekretär, tit.
Sekretär, wirkl.
Sesselträger
Siebenbürg. Expeditionssekretär
Siegelschneider
Silberdiener
Silberdiener Gehilfe
Silberdiener Junge
Silberhändler
Silberhändler, hofbefr.
Silberjunge
Silberkämmerer
Silbertraxler
Silberwäscher
Silberwäscherin
Silberwäscher Junge
Socius
Solizitator
Sommelier
Sommelier Gehilfe
Sommelier Junge
Sonntagsprediger
Sopranist
Sopranistin
Sopranist Scholar
Sopranist, sn.
Spalierinspektor
Spaliermacher
Spaliermacher Hausknecht
Spalierputzerin
Spalierwäscher
Spesierungskommissar
Spezereienhändler
Spezialkellermeister
Spiegelmacher
Spitzennäherin
Sporer
Sprachensekretär
Sprachensekretär, moskow.
Sprachensekretär, oriental.
Sprachknabe, wirkl. 
Sprachmeister
Sprachmeister, türk.
Staatskanzlist
Staatskonzipist
Staatsratspräsident
Staatsregistraturverwalter
Stabelmeister
Stabschirurg
Stadtanwalt
Stadtgerichtsbeisitzer
Stadtrichter
Stallbediensteter
Stalldiener
Stallinspektor
Stallmeister
Stalloffizier
Stallübergeher
Stallübergeher (im Span. Stall)
Stangenreiter
Statuarius
Statueninspektor
Steinmetz
Steinmetzmeister
Steinokulist
Steinschneider
Steinschneider, medizin.
Steinschreiber
Steir. Expeditionskanzlist
Steir. Expeditionssekretär
Sticker
Stickerin
Stiefelwischer
Stimmenzusammenträger
Stubenmensch
Stuckgießer
Stukkateur
Subschreiber
Subsenior
Superindentent
Superintendent
Syndikus
Tabaksappaldator (in Schlesien, Mähren und Glatz)
Tafelaufwärter
Tafeldecker
Tafeldecker Gehilfe
Tafeldeckerin
Tafeldecker Junge
Tafelwäschemeisterin
Tafelwäschemeisterin Gehilfin
Tafelwäscherin
Tafelzeugdiener
Tänzer
Tanzinstruktor
Tanzmeister
Tanzmeister Gehilfe
Tanzmeister Scholar
Tapezierer
Tapezierer Adjunkt
Tapezierer Gehilfe
Tapeziermacher
Tapezierwäscher
Tartoffel-Hundsjäger
Taschner
Taschner, hofbefr.
Taxamt Akzessist
Taxamt Interimskontrollor
Taxamt Kanzlist, kontroll.
Taxamt Kontrollor
Taxator
Taxator Adjunkt
Taxgegenhandler
Taxgegenhandler Akzessist
Taxgegenhandler, sn.
Tenorist
Tenorist Scholar
Teppichmacher
Teppichmacher Hausknecht
Theatermusikintendant
Theatraldirektionsrevisor
Theatralingenieur
Theatralinspektor
Theatralmachinist
Theatralnäherin
Theatralsticker
Theatraltischler
Theatralzeichner
Theorbist
Tierwarter
Tigerwarter
Tirol. Expeditionskanzlist
Tirol. Expeditionskonzipist
Tischler
Tischlerin
Tischlermeister
Tischler, welsch. 
Torsteher
Torsteher (in der Stallburg)
Torwart
Torwart (im Klepperstall)
Torwart (im Span. Stall) 
Torwart (in Schönbrunn)
Torzettelschreiber
Trabant
Trabanten Ansager
Trabanten Auditor
Trabanten Capitainelieutenant
Trabanten Chirurg
Trabanten Extrawachtknecht
Trabanten Fourier
Trabanten Hauptmann
Trabanten Kaplan
Trabanten Oberfourier
Trabanten Oberlieutenant
Trabanten Oberwachtknecht
Trabanten Pfeifer
Trabanten Premierwachtmeister
Trabanten Rechnungsführer
Trabanten Rottmeister
Trabanten Secondwachtmeister
Trabanten Trommelschlager
Trabanten Trommler
Trabanten Trompeter
Trabanten Unterfourier
Trabanten Unterwachtknecht
Trabanten Wachtknecht
Trabanten Wachtknecht/Unterwachtknecht
Trombonist
Trompetenmacher
Trompeter
Trompeter Lehrjunge
Trompeter Lehrjunge, musikal.
Trompeter, musikal.
Trompeter Scholar
Trompeter, sn.
Trompeter, sn. musikal.
Truchseß
Türhüter
Türhüter Adjunkt
Türhüter, ao.
Türhüter Expektant
Türhüter Gehilfe
Türhüter, sn.
Türhüter, wirkl.
Überreiter
Übersetzer
Übersetzer, ung.
Uhrmacher
Uhrrichter
Uhrrichter Adjunkt
Ung. Expeditionsreferendar
Ung. Garde 2. Premierlieutenant
Ung. Garde Adjutant
Ung. Garde Auditor
Ung. Garde Capitaine
Ung. Garde Capitainelieutenant
Ung. Garde Chirurg
Ung. Garde Fechtmeister
Ung. Garde Ingenieur
Ung. Garde Kaplan
Ung. Garde Mediziner
Ung. Garde Premierlieutenant
Ung. Garde Premierwachtmeister
Ung. Garde Professor (Kameralwissenschaft)
Ung. Garde Professor (Rechtswissenschaften)
Ung. Garde Proviantmeister
Ung. Garde Rechnungsführer
Ung. Garde Secondlieutenant
Ung. Garde Secondwachtmeister
Ung. Garde Sprachmeister, dt.
Ung. Garde Sprachmeister, frz.
Ung. Garde Sprachmeister, ital.
Ung. Garde Tanzmeister
Ung. Gubernator
Ung. Hofkanzler
Ung. Kammerpräsident
Ung. Kammerrat
Ung. Kammervizepräsident
Ung. Oberster Kanzler
Ung. Statthalter
Ung. u. bergstädt. Expeditionskriegssekretär
Ung. u. bergstädt. Expeditionskriegssekretär, sn.
Ung. Vizekanzler
Universitätskanzler
Universitätsquästor
Unterarchitekt
Unterbereiter
Unterbereiter (in der Campagne Reitschule)
Unterfalkenmeister
Unterfechtmeister
Untergärtner
Unteringenieur
Unterkammerfourier
Unterkoch
Unterkommissar
Unterkommissar (im VodM)
Unterkommissar (im VudW)
Unterlieutenant
Untermarschall
Untermundkoch
Unterpiqueur
Unterpiqueur (in Penzing)
Unterrüdenmeister
Untersilberkämmerer
Untertanzmeister
Untertapezierer
Unterwaldmeister
Veneriebäcker
Veneriebäckerin
Veneriedirektor
Veneriewagenmeister
Verein. Phys. Kabinettsdirektor
Verein. Phys. Kabinettsdirektoren Adjunkt
Vergolder
Verwalter (der ksl. Herrschaft Pottendorf)
VieCPro Person-Institution Relation  (= Primary Label)
Viertelkommissar
Violinist
Violinist Scholar
Violinist, sn.
Violoncellist
Violoncellist, sn.
Visitationskommissar
Vizeayo
Vizebuchhalter
Vizebuchhalter Adjunkt
Vizegeneral (der ung. Bergstädte)
Vizeguardadamasin
Vizekammerzahlmeister
Vizekanzleidiener
Vizekapellmeister
Vizemarschall
Vizemundkoch
Vizeobersthofküchenmeister
Vizeobersthofquartiermeister
Vizeoberstjägermeister
Vizeoberstlandjägermeister
Vizeoberststabelmeister
Vizeoberststallmeister
Vizepräsident
Vizeregistrator
Vizerentmeister (im NÖ Rentamt)
Vizeschatzmeister
Vizesekretär
Vizestallmeister
Vizezimmerpolier
Vogeljäger
Vögelwarterin (in der Favorita)
VÖ Regierungsrat
Vorreiter
Wachshändler
Wachspossierer
Wachteljäger
Wachtmeister
Wagenanstreicher
Wagenbildhauer
Wagenmaler
Wagenmeister
Wagenmeister Adjunkt
Wagenschmied
Wagenvergolder
Wagner
Wagnerin
Wagnermeister
Waisenrat
Waisenratspräsident
Waisenvertreter
Waisenvertreter Adjunkt
Waldhornist
Waldhornmacher
Waldmeister (in NÖ)
Wappenschneider
Wappenschneider Adjunkt
Wappenstecher
Wartamme
Wäscheaufseherin
Wäschekammermeister
Wäschekammermeister Gehilfe
Wäschemeisterin
Wäschemeisterin Gehilfin
Wäscherin
Wasserbaumeister
Wasserbauübergeher
Wassermacher
Wassermaschinenpolier (in Schönbrunn)
Wasserträger
Weininspektor
Weisbot
Wildprethändlerin
Wirt
Wirtschaftssekretär
Witwenvertreter
Witwenvertreter Adjunkt
Wr. Stadtkommandant
Zahlmeister (der Hofburg)
Zahlmeister (des Fortifikationsbauamts)
Zahnchirurg
Zehrgadengegenschreiber
Zehrgadengegenschreiber Gehilfe
Zehrgadengehilfe
Zehrgadenjunge
Zehrgadenschreiber
Zehrgadenträger
Zehrgadner
Zeltschneider
Zeremoniar
Zeugkammer Schreiber
Zeugkommissar
Zeugkommissarienuntermarschall 
Zeugkommissar, sn.
Zeuglieutenant
Zeugverwalter
Zeugwarter
Zeugzahlmeister
Ziegeldecker
Ziegeldeckerin
Ziegeldeckermeister
Ziehknabendiener
Ziffersekretär
Zimenter
Zimmermeister
Zimmermeisterin
Zimmerpolier
Zimmerputzer
Zimmerputzerin
Zimmerputzer (in Hetzendorf)
Zimmerputzer (in Schönbrunn)
Zimmerputzer (in St. Veit)
Zimmerwarter
Zimmerwarter Adjunkt (in der Hofburg)
Zimmerwarter Adjunkt (in Hetzendorf)
Zimmerwarter Adjunkt (in Laxenburg)
Zimmerwarter Adjunkt (in Schönbrunn)
Zimmerwarter (am Rennweg)
Zimmerwarter (im Augarten)
Zimmerwarter (im Belvedere)
Zimmerwarter (im Kaisergarten, ?)
Zimmerwarter (in der Augustinerbastei)
Zimmerwarter (in der Burg)
Zimmerwarter (in der Favorita)
Zimmerwarter (in der Stallburg)
Zimmerwarter (in Ebersdorf)
Zimmerwarter (in Hetzendorf)
Zimmerwarter (in Laxenburg)
Zimmerwarter (in Pressburg)
Zimmerwarter (in Schönbrunn)
Zimmerwarter (in St. Veit)
Zipser Kammerbuchhalter
Zipser Kammerpräsident
Zuckerbäcker
Zuckerbäckereimaler
Zuckerbäcker Gehilfe
Zuckerbäcker Junge
Zuckerbäcker Oberaufseher
Zuckerbäcker Schreiber
Zureiter der jungen Pferde
Zuschroder
Zuschroderin
Zusetzer
